---
source: src/conflict.rs
assertion_line: 181
expression: conflicts
---
[
    Conflict {
        range: Range {
            start: Position {
                line: 5,
                character: 0,
            },
            end: Position {
                line: 29,
                character: 28,
            },
        },
        title_range: Range {
            start: Position {
                line: 5,
                character: 0,
            },
            end: Position {
                line: 5,
                character: 23,
            },
        },
        blocks: [
            ChangeBlock {
                title_range: Range {
                    start: Position {
                        line: 6,
                        character: 0,
                    },
                    end: Position {
                        line: 6,
                        character: 39,
                    },
                },
                content: "1 pez\n2 pez\n3 pez\n4 pez",
            },
            ChangeBlock {
                title_range: Range {
                    start: Position {
                        line: 15,
                        character: 0,
                    },
                    end: Position {
                        line: 15,
                        character: 39,
                    },
                },
                content: "1 poisson\n2 poisson\n3 poisson\n4 poisson",
            },
            ChangeBlock {
                title_range: Range {
                    start: Position {
                        line: 24,
                        character: 0,
                    },
                    end: Position {
                        line: 24,
                        character: 27,
                    },
                },
                content: "1 pescare\n2 pescare\n3 pescare\n4 pescare",
            },
        ],
    },
    Conflict {
        range: Range {
            start: Position {
                line: 31,
                character: 0,
            },
            end: Position {
                line: 55,
                character: 28,
            },
        },
        title_range: Range {
            start: Position {
                line: 31,
                character: 0,
            },
            end: Position {
                line: 31,
                character: 23,
            },
        },
        blocks: [
            ChangeBlock {
                title_range: Range {
                    start: Position {
                        line: 32,
                        character: 0,
                    },
                    end: Position {
                        line: 32,
                        character: 39,
                    },
                },
                content: "5 pez\n6 pez\n7 pez\n8 pez",
            },
            ChangeBlock {
                title_range: Range {
                    start: Position {
                        line: 41,
                        character: 0,
                    },
                    end: Position {
                        line: 41,
                        character: 39,
                    },
                },
                content: "5 poisson\n6 poisson\n7 poisson\n8 poisson",
            },
            ChangeBlock {
                title_range: Range {
                    start: Position {
                        line: 50,
                        character: 0,
                    },
                    end: Position {
                        line: 50,
                        character: 27,
                    },
                },
                content: "5 pescare\n6 pescare\n7 pescare\n8 pescare",
            },
        ],
    },
]
